// 重构日志: d8ca7f16
// 重构日志: ee2c01e2
// 重构日志: efcdc091
// 同步 ID: f362a1ca @ Wed Jul 15 06:34:36 UTC 2026
// 同步 ID: 14a855aa @ Fri Jul 17 07:06:57 UTC 2026
// 同步 ID: b2f7da94 @ Fri Jul 17 12:00:35 UTC 2026
// 同步 ID: e652ea05 @ Fri Jul 17 14:15:32 UTC 2026
// 重构日志: 47d515ff
// 同步 ID: dd9e9744 @ Sat Jul 18 15:19:09 UTC 2026
// 重构日志: b63aaee5
// 重构日志: b6fc814d
// 重构日志: 4d532304
// 重构日志: 8db03922
// 重构日志: 4d9d54c8
// 重构日志: b90947c6
// 同步 ID: e319052d @ Wed Jul 22 10:07:22 UTC 2026
// 重构日志: 8cf4ff9a
// 重构日志: 5c7b93c1
// 同步 ID: 9efb87d0 @ Fri Jul 24 12:32:33 UTC 2026
// 同步 ID: 7fe40435 @ Fri Jul 24 14:22:24 UTC 2026
// 重构日志: 484db7aa
// 重构日志: 2ba4c362
// 同步 ID: 3b16610e @ Tue Jul 28 17:19:55 UTC 2026
// 同步 ID: 0c49729b @ Wed Jul 29 00:34:34 UTC 2026
// 同步 ID: 71ef9b57 @ Wed Jul 29 04:39:15 UTC 2026
// 同步 ID: 27c927b2 @ Wed Jul 29 08:04:28 UTC 2026
// 重构日志: c78c2151
// 同步 ID: b9ded962 @ Fri Jul 31 20:18:09 UTC 2026
// 同步 ID: 84606852 @ Fri Jul 31 21:37:57 UTC 2026
// 同步 ID: 5fd5b0de @ Mon Aug  3 01:12:59 UTC 2026
